chdir(".") = 0
chdir("./") = 0
+++ exited with 0 +++
